#-----------------------------------------------------------
# Webtalk v2019.1 (64-bit)
# SW Build 2552052 on Fri May 24 14:47:09 MDT 2019
# IP Build 2548770 on Fri May 24 18:01:18 MDT 2019
# Start of session at: Wed Sep 18 10:39:51 2019
# Process ID: 4942
# Current directory: /home/pietro/projects/develer/corsi/vhdl-techlab-2019/fpga-demo/fpga-demo.sim/sim_1/behav/xsim
# Command line: wbtcv -mode batch -source /home/pietro/projects/develer/corsi/vhdl-techlab-2019/fpga-demo/fpga-demo.sim/sim_1/behav/xsim/xsim.dir/clk_div_tb_behav/webtalk/xsim_webtalk.tcl -notrace
# Log file: /home/pietro/projects/develer/corsi/vhdl-techlab-2019/fpga-demo/fpga-demo.sim/sim_1/behav/xsim/webtalk.log
# Journal file: /home/pietro/projects/develer/corsi/vhdl-techlab-2019/fpga-demo/fpga-demo.sim/sim_1/behav/xsim/webtalk.jou
#-----------------------------------------------------------
source /home/pietro/projects/develer/corsi/vhdl-techlab-2019/fpga-demo/fpga-demo.sim/sim_1/behav/xsim/xsim.dir/clk_div_tb_behav/webtalk/xsim_webtalk.tcl -notrace
